// Jest Snapshot v1, https://goo.gl/fbAQLP

exports[`CompareCard matches the snapshot 1`] = `undefined`;
