// Jest Snapshot v1, https://goo.gl/fbAQLP

exports[`Search matches the snapshot 1`] = `undefined`;
