// Jest Snapshot v1, https://goo.gl/fbAQLP

exports[`DistrictCard matches the snapshot 1`] = `
ShallowWrapper {
  Symbol(enzyme.__root__): [Circular],
  Symbol(enzyme.__unrendered__): <DistrictCard
    schoolName="colorado"
    stats={
      Object {
        "2004": 0.24,
        "2005": 0.543,
        "2006": 0.789,
      }
    }
  />,
  Symbol(enzyme.__renderer__): Object {
    "batchedUpdates": [Function],
    "getNode": [Function],
    "render": [Function],
    "simulateError": [Function],
    "simulateEvent": [Function],
    "unmount": [Function],
  },
  Symbol(enzyme.__node__): Object {
    "instance": null,
    "key": undefined,
    "nodeType": "host",
    "props": Object {
      "children": Array [
        <h2
          className="card-location"
        />,
        Array [
          <p
            className="less-than-point-5"
          >
            2004
            : 
            0.24
          </p>,
          <p
            className="greater-than-point-5"
          >
            2005
            : 
            0.543
          </p>,
          <p
            className="greater-than-point-5"
          >
            2006
            : 
            0.789
          </p>,
        ],
      ],
      "className": "DistrictCard",
    },
    "ref": null,
    "rendered": Array [
      Object {
        "instance": null,
        "key": undefined,
        "nodeType": "host",
        "props": Object {
          "children": undefined,
          "className": "card-location",
        },
        "ref": null,
        "rendered": null,
        "type": "h2",
      },
      Object {
        "instance": null,
        "key": undefined,
        "nodeType": "host",
        "props": Object {
          "children": Array [
            "2004",
            ": ",
            0.24,
          ],
          "className": "less-than-point-5",
        },
        "ref": null,
        "rendered": Array [
          "2004",
          ": ",
          0.24,
        ],
        "type": "p",
      },
      Object {
        "instance": null,
        "key": undefined,
        "nodeType": "host",
        "props": Object {
          "children": Array [
            "2005",
            ": ",
            0.543,
          ],
          "className": "greater-than-point-5",
        },
        "ref": null,
        "rendered": Array [
          "2005",
          ": ",
          0.543,
        ],
        "type": "p",
      },
      Object {
        "instance": null,
        "key": undefined,
        "nodeType": "host",
        "props": Object {
          "children": Array [
            "2006",
            ": ",
            0.789,
          ],
          "className": "greater-than-point-5",
        },
        "ref": null,
        "rendered": Array [
          "2006",
          ": ",
          0.789,
        ],
        "type": "p",
      },
    ],
    "type": "div",
  },
  Symbol(enzyme.__nodes__): Array [
    Object {
      "instance": null,
      "key": undefined,
      "nodeType": "host",
      "props": Object {
        "children": Array [
          <h2
            className="card-location"
          />,
          Array [
            <p
              className="less-than-point-5"
            >
              2004
              : 
              0.24
            </p>,
            <p
              className="greater-than-point-5"
            >
              2005
              : 
              0.543
            </p>,
            <p
              className="greater-than-point-5"
            >
              2006
              : 
              0.789
            </p>,
          ],
        ],
        "className": "DistrictCard",
      },
      "ref": null,
      "rendered": Array [
        Object {
          "instance": null,
          "key": undefined,
          "nodeType": "host",
          "props": Object {
            "children": undefined,
            "className": "card-location",
          },
          "ref": null,
          "rendered": null,
          "type": "h2",
        },
        Object {
          "instance": null,
          "key": undefined,
          "nodeType": "host",
          "props": Object {
            "children": Array [
              "2004",
              ": ",
              0.24,
            ],
            "className": "less-than-point-5",
          },
          "ref": null,
          "rendered": Array [
            "2004",
            ": ",
            0.24,
          ],
          "type": "p",
        },
        Object {
          "instance": null,
          "key": undefined,
          "nodeType": "host",
          "props": Object {
            "children": Array [
              "2005",
              ": ",
              0.543,
            ],
            "className": "greater-than-point-5",
          },
          "ref": null,
          "rendered": Array [
            "2005",
            ": ",
            0.543,
          ],
          "type": "p",
        },
        Object {
          "instance": null,
          "key": undefined,
          "nodeType": "host",
          "props": Object {
            "children": Array [
              "2006",
              ": ",
              0.789,
            ],
            "className": "greater-than-point-5",
          },
          "ref": null,
          "rendered": Array [
            "2006",
            ": ",
            0.789,
          ],
          "type": "p",
        },
      ],
      "type": "div",
    },
  ],
  Symbol(enzyme.__options__): Object {
    "adapter": ReactSixteenAdapter {
      "options": Object {
        "enableComponentDidUpdateOnSetState": true,
        "lifecycles": Object {
          "componentDidUpdate": Object {
            "onSetState": true,
          },
          "getDerivedStateFromProps": true,
          "getSnapshotBeforeUpdate": true,
          "setState": Object {
            "skipsComponentDidUpdateOnNullish": true,
          },
        },
      },
    },
    "attachTo": undefined,
    "hydrateIn": undefined,
  },
}
`;
