// Jest Snapshot v1, https://goo.gl/fbAQLP

exports[`DistrictsContainer matches the snapshot 1`] = `
ShallowWrapper {
  Symbol(enzyme.__root__): [Circular],
  Symbol(enzyme.__unrendered__): <DistrictsContainer
    districts={
      Object {
        "academy 20": Object {},
        "agate 300": Object {},
        "colorado": Object {},
      }
    }
  />,
  Symbol(enzyme.__renderer__): Object {
    "batchedUpdates": [Function],
    "getNode": [Function],
    "render": [Function],
    "simulateError": [Function],
    "simulateEvent": [Function],
    "unmount": [Function],
  },
  Symbol(enzyme.__node__): Object {
    "instance": null,
    "key": undefined,
    "nodeType": "host",
    "props": Object {
      "children": Array [
        <DistrictCard
          schoolName="colorado"
        />,
        <DistrictCard
          schoolName="academy 20"
        />,
        <DistrictCard
          schoolName="agate 300"
        />,
      ],
      "className": "DistrictsContainer",
    },
    "ref": null,
    "rendered": Array [
      Object {
        "instance": null,
        "key": "colorado",
        "nodeType": "function",
        "props": Object {
          "schoolName": "colorado",
        },
        "ref": null,
        "rendered": null,
        "type": [Function],
      },
      Object {
        "instance": null,
        "key": "academy 20",
        "nodeType": "function",
        "props": Object {
          "schoolName": "academy 20",
        },
        "ref": null,
        "rendered": null,
        "type": [Function],
      },
      Object {
        "instance": null,
        "key": "agate 300",
        "nodeType": "function",
        "props": Object {
          "schoolName": "agate 300",
        },
        "ref": null,
        "rendered": null,
        "type": [Function],
      },
    ],
    "type": "div",
  },
  Symbol(enzyme.__nodes__): Array [
    Object {
      "instance": null,
      "key": undefined,
      "nodeType": "host",
      "props": Object {
        "children": Array [
          <DistrictCard
            schoolName="colorado"
          />,
          <DistrictCard
            schoolName="academy 20"
          />,
          <DistrictCard
            schoolName="agate 300"
          />,
        ],
        "className": "DistrictsContainer",
      },
      "ref": null,
      "rendered": Array [
        Object {
          "instance": null,
          "key": "colorado",
          "nodeType": "function",
          "props": Object {
            "schoolName": "colorado",
          },
          "ref": null,
          "rendered": null,
          "type": [Function],
        },
        Object {
          "instance": null,
          "key": "academy 20",
          "nodeType": "function",
          "props": Object {
            "schoolName": "academy 20",
          },
          "ref": null,
          "rendered": null,
          "type": [Function],
        },
        Object {
          "instance": null,
          "key": "agate 300",
          "nodeType": "function",
          "props": Object {
            "schoolName": "agate 300",
          },
          "ref": null,
          "rendered": null,
          "type": [Function],
        },
      ],
      "type": "div",
    },
  ],
  Symbol(enzyme.__options__): Object {
    "adapter": ReactSixteenAdapter {
      "options": Object {
        "enableComponentDidUpdateOnSetState": true,
        "lifecycles": Object {
          "componentDidUpdate": Object {
            "onSetState": true,
          },
          "getDerivedStateFromProps": true,
          "getSnapshotBeforeUpdate": true,
          "setState": Object {
            "skipsComponentDidUpdateOnNullish": true,
          },
        },
      },
    },
    "attachTo": undefined,
    "hydrateIn": undefined,
  },
}
`;
